Archive member included because of file (symbol)

c:/freescale/kds_v3/toolchain/bin/../lib/gcc/arm-none-eabi/4.8.4/../../../../arm-none-eabi/lib/armv7e-m/fpu\libg_s.a(lib_a-exit.o)
                              c:/freescale/kds_v3/toolchain/bin/../lib/gcc/arm-none-eabi/4.8.4/../../../../arm-none-eabi/lib/armv7e-m/fpu/crt0.o (exit)
c:/freescale/kds_v3/toolchain/bin/../lib/gcc/arm-none-eabi/4.8.4/../../../../arm-none-eabi/lib/armv7e-m/fpu\libg_s.a(lib_a-impure.o)
                              c:/freescale/kds_v3/toolchain/bin/../lib/gcc/arm-none-eabi/4.8.4/../../../../arm-none-eabi/lib/armv7e-m/fpu\libg_s.a(lib_a-exit.o) (_global_impure_ptr)
c:/freescale/kds_v3/toolchain/bin/../lib/gcc/arm-none-eabi/4.8.4/../../../../arm-none-eabi/lib/armv7e-m/fpu\libg_s.a(lib_a-init.o)
                              c:/freescale/kds_v3/toolchain/bin/../lib/gcc/arm-none-eabi/4.8.4/../../../../arm-none-eabi/lib/armv7e-m/fpu/crt0.o (__libc_init_array)
c:/freescale/kds_v3/toolchain/bin/../lib/gcc/arm-none-eabi/4.8.4/../../../../arm-none-eabi/lib/armv7e-m/fpu\libg_s.a(lib_a-memcpy-stub.o)
                              ./drivers/fsl_flash.o (memcpy)
c:/freescale/kds_v3/toolchain/bin/../lib/gcc/arm-none-eabi/4.8.4/../../../../arm-none-eabi/lib/armv7e-m/fpu\libg_s.a(lib_a-memset.o)
                              c:/freescale/kds_v3/toolchain/bin/../lib/gcc/arm-none-eabi/4.8.4/../../../../arm-none-eabi/lib/armv7e-m/fpu/crt0.o (memset)
c:/freescale/kds_v3/toolchain/bin/../lib/gcc/arm-none-eabi/4.8.4/../../../../arm-none-eabi/lib/armv7e-m/fpu\libg_s.a(lib_a-strlen.o)
                              ./utilities/fsl_debug_console.o (strlen)
c:/freescale/kds_v3/toolchain/bin/../lib/gcc/arm-none-eabi/4.8.4/../../../../arm-none-eabi/lib/armv7e-m/fpu\libnosys.a(_exit.o)
                              c:/freescale/kds_v3/toolchain/bin/../lib/gcc/arm-none-eabi/4.8.4/../../../../arm-none-eabi/lib/armv7e-m/fpu\libg_s.a(lib_a-exit.o) (_exit)

Discarded input sections

 .text          0x00000000        0x0 c:/freescale/kds_v3/toolchain/bin/../lib/gcc/arm-none-eabi/4.8.4/armv7e-m/fpu/crti.o
 .data          0x00000000        0x0 c:/freescale/kds_v3/toolchain/bin/../lib/gcc/arm-none-eabi/4.8.4/armv7e-m/fpu/crti.o
 .bss           0x00000000        0x0 c:/freescale/kds_v3/toolchain/bin/../lib/gcc/arm-none-eabi/4.8.4/armv7e-m/fpu/crti.o
 .data          0x00000000        0x4 c:/freescale/kds_v3/toolchain/bin/../lib/gcc/arm-none-eabi/4.8.4/armv7e-m/fpu/crtbegin.o
 .data          0x00000000        0x0 c:/freescale/kds_v3/toolchain/bin/../lib/gcc/arm-none-eabi/4.8.4/../../../../arm-none-eabi/lib/armv7e-m/fpu/crt0.o
 .bss           0x00000000        0x0 c:/freescale/kds_v3/toolchain/bin/../lib/gcc/arm-none-eabi/4.8.4/../../../../arm-none-eabi/lib/armv7e-m/fpu/crt0.o
 .ARM.extab     0x00000000        0x0 c:/freescale/kds_v3/toolchain/bin/../lib/gcc/arm-none-eabi/4.8.4/../../../../arm-none-eabi/lib/armv7e-m/fpu/crt0.o
 .text          0x00000000        0x0 ./utilities/fsl_debug_console.o
 .data          0x00000000        0x0 ./utilities/fsl_debug_console.o
 .bss           0x00000000        0x0 ./utilities/fsl_debug_console.o
 .text.DbgConsole_Deinit
                0x00000000       0x48 ./utilities/fsl_debug_console.o
 .text.DbgConsole_Scanf
                0x00000000       0xb8 ./utilities/fsl_debug_console.o
 .text.DbgConsole_Getchar
                0x00000000       0x38 ./utilities/fsl_debug_console.o
 .text.DbgConsole_ScanIgnoreWhiteSpace
                0x00000000       0x60 ./utilities/fsl_debug_console.o
 .text.DbgConsole_ScanfFormattedData
                0x00000000      0x620 ./utilities/fsl_debug_console.o
 .text._write   0x00000000       0x58 ./utilities/fsl_debug_console.o
 .text._read    0x00000000       0x44 ./utilities/fsl_debug_console.o
 .text          0x00000000        0x0 ./sources/board.o
 .data          0x00000000        0x0 ./sources/board.o
 .bss           0x00000000        0x0 ./sources/board.o
 .text          0x00000000        0x0 ./sources/clock_config.o
 .data          0x00000000        0x0 ./sources/clock_config.o
 .bss           0x00000000        0x0 ./sources/clock_config.o
 .text.SMC_SetPowerModeProtection
                0x00000000       0x1c ./sources/clock_config.o
 .text.SMC_GetPowerModeState
                0x00000000       0x1c ./sources/clock_config.o
 .text.BOARD_BootClockVLPR
                0x00000000       0x64 ./sources/clock_config.o
 .text          0x00000000        0x0 ./sources/i2c_interrupt_transfer.o
 .data          0x00000000        0x0 ./sources/i2c_interrupt_transfer.o
 .bss           0x00000000        0x0 ./sources/i2c_interrupt_transfer.o
 .text          0x00000000        0x0 ./sources/pin_mux.o
 .data          0x00000000        0x0 ./sources/pin_mux.o
 .bss           0x00000000        0x0 ./sources/pin_mux.o
 .text          0x00000000        0x0 ./drivers/fsl_clock.o
 .data          0x00000000        0x0 ./drivers/fsl_clock.o
 .bss           0x00000000        0x0 ./drivers/fsl_clock.o
 .text.CLOCK_EnableClock
                0x00000000       0x34 ./drivers/fsl_clock.o
 .text.CLOCK_DisableClock
                0x00000000       0x38 ./drivers/fsl_clock.o
 .text.CLOCK_FllStableDelay
                0x00000000       0x24 ./drivers/fsl_clock.o
 .text.CLOCK_GetPlatClkFreq
                0x00000000       0x24 ./drivers/fsl_clock.o
 .text.CLOCK_GetFlashClkFreq
                0x00000000       0x28 ./drivers/fsl_clock.o
 .text.CLOCK_GetFlexBusClkFreq
                0x00000000       0x28 ./drivers/fsl_clock.o
 .text.CLOCK_GetBusClkFreq
                0x00000000       0x28 ./drivers/fsl_clock.o
 .text.CLOCK_EnableUsbfs0Clock
                0x00000000      0x100 ./drivers/fsl_clock.o
 .text.CLOCK_CalcPllDiv
                0x00000000      0x168 ./drivers/fsl_clock.o
 .text.CLOCK_SetOsc0MonitorMode
                0x00000000       0x78 ./drivers/fsl_clock.o
 .text.CLOCK_SetRtcOscMonitorMode
                0x00000000       0x48 ./drivers/fsl_clock.o
 .text.CLOCK_SetPll0MonitorMode
                0x00000000       0x74 ./drivers/fsl_clock.o
 .text.CLOCK_GetStatusFlags
                0x00000000       0x84 ./drivers/fsl_clock.o
 .text.CLOCK_ClearStatusFlags
                0x00000000       0x58 ./drivers/fsl_clock.o
 .text.CLOCK_DeinitOsc0
                0x00000000       0x2c ./drivers/fsl_clock.o
 .text.CLOCK_TrimInternalRefClk
                0x00000000      0x138 ./drivers/fsl_clock.o
 .text.CLOCK_GetMode
                0x00000000       0xc0 ./drivers/fsl_clock.o
 .text.CLOCK_SetFeiMode
                0x00000000       0xc4 ./drivers/fsl_clock.o
 .text.CLOCK_SetFeeMode
                0x00000000       0xe0 ./drivers/fsl_clock.o
 .text.CLOCK_SetFbiMode
                0x00000000       0xd4 ./drivers/fsl_clock.o
 .text.CLOCK_SetFbeMode
                0x00000000      0x104 ./drivers/fsl_clock.o
 .text.CLOCK_SetBlpiMode
                0x00000000       0x24 ./drivers/fsl_clock.o
 .text.CLOCK_SetBlpeMode
                0x00000000       0x24 ./drivers/fsl_clock.o
 .text.CLOCK_SetPeeMode
                0x00000000       0x38 ./drivers/fsl_clock.o
 .text.CLOCK_ExternalModeToFbeModeQuick
                0x00000000       0x6c ./drivers/fsl_clock.o
 .text.CLOCK_InternalModeToFbiModeQuick
                0x00000000       0x4c ./drivers/fsl_clock.o
 .text.CLOCK_BootToFeiMode
                0x00000000       0x28 ./drivers/fsl_clock.o
 .text.CLOCK_BootToFeeMode
                0x00000000       0x34 ./drivers/fsl_clock.o
 .text.CLOCK_BootToBlpiMode
                0x00000000       0x68 ./drivers/fsl_clock.o
 .text.CLOCK_BootToBlpeMode
                0x00000000       0x58 ./drivers/fsl_clock.o
 .rodata.mcgModeMatrix
                0x00000000       0x40 ./drivers/fsl_clock.o
 .text.CLOCK_SetMcgConfig
                0x00000000      0x200 ./drivers/fsl_clock.o
 .rodata.trimRange.6553
                0x00000000       0x10 ./drivers/fsl_clock.o
 .text          0x00000000        0x0 ./drivers/fsl_common.o
 .data          0x00000000        0x0 ./drivers/fsl_common.o
 .bss           0x00000000        0x0 ./drivers/fsl_common.o
 .text.InstallIRQHandler
                0x00000000       0x74 ./drivers/fsl_common.o
 .text          0x00000000        0x0 ./drivers/fsl_flash.o
 .data          0x00000000        0x0 ./drivers/fsl_flash.o
 .bss           0x00000000        0x0 ./drivers/fsl_flash.o
 .rodata.kFCCOBx
                0x00000000        0x4 ./drivers/fsl_flash.o
 .rodata.kFPROTL
                0x00000000        0x4 ./drivers/fsl_flash.o
 .bss.callFlashRunCommand
                0x00000000        0x4 ./drivers/fsl_flash.o
 .bss.callFlashCommonBitOperation
                0x00000000        0x4 ./drivers/fsl_flash.o
 .rodata.s_flashRunCommandFunctionCode
                0x00000000        0xc ./drivers/fsl_flash.o
 .rodata.s_flashCommonBitOperationFunctionCode
                0x00000000       0x1c ./drivers/fsl_flash.o
 .bss.s_flashRunCommand
                0x00000000       0x40 ./drivers/fsl_flash.o
 .bss.s_flashCommonBitOperation
                0x00000000       0x40 ./drivers/fsl_flash.o
 .bss.s_flashExecuteInRamFunctionInfo
                0x00000000        0xc ./drivers/fsl_flash.o
 .rodata.kPFlashDensities
                0x00000000       0x20 ./drivers/fsl_flash.o
 .text.FLASH_Init
                0x00000000       0xc4 ./drivers/fsl_flash.o
 .text.FLASH_SetCallback
                0x00000000       0x28 ./drivers/fsl_flash.o
 .text.FLASH_PrepareExecuteInRamFunctions
                0x00000000       0x3c ./drivers/fsl_flash.o
 .text.FLASH_EraseAll
                0x00000000       0x4c ./drivers/fsl_flash.o
 .text.FLASH_Erase
                0x00000000       0xd8 ./drivers/fsl_flash.o
 .text.FLASH_EraseAllExecuteOnlySegments
                0x00000000       0x4c ./drivers/fsl_flash.o
 .text.FLASH_Program
                0x00000000       0xd4 ./drivers/fsl_flash.o
 .text.FLASH_ProgramOnce
                0x00000000       0x60 ./drivers/fsl_flash.o
 .text.FLASH_ProgramSection
                0x00000000      0x154 ./drivers/fsl_flash.o
 .text.FLASH_ReadResource
                0x00000000       0xd8 ./drivers/fsl_flash.o
 .text.FLASH_ReadOnce
                0x00000000       0x60 ./drivers/fsl_flash.o
 .text.FLASH_GetSecurityState
                0x00000000       0x5c ./drivers/fsl_flash.o
 .text.FLASH_SecurityBypass
                0x00000000       0xa4 ./drivers/fsl_flash.o
 .text.FLASH_VerifyEraseAll
                0x00000000       0x3c ./drivers/fsl_flash.o
 .text.FLASH_VerifyErase
                0x00000000       0xf0 ./drivers/fsl_flash.o
 .text.FLASH_VerifyProgram
                0x00000000       0xc8 ./drivers/fsl_flash.o
 .text.FLASH_VerifyEraseAllExecuteOnlySegments
                0x00000000       0x3c ./drivers/fsl_flash.o
 .text.FLASH_IsProtected
                0x00000000      0x244 ./drivers/fsl_flash.o
 .text.FLASH_IsExecuteOnly
                0x00000000       0x40 ./drivers/fsl_flash.o
 .text.FLASH_GetProperty
                0x00000000       0xcc ./drivers/fsl_flash.o
 .text.FLASH_SwapControl
                0x00000000       0xb8 ./drivers/fsl_flash.o
 .text.FLASH_Swap
                0x00000000      0x11c ./drivers/fsl_flash.o
 .text.FLASH_PflashSetProtection
                0x00000000       0x40 ./drivers/fsl_flash.o
 .text.FLASH_PflashGetProtection
                0x00000000       0x34 ./drivers/fsl_flash.o
 .text.FLASH_PflashSetPrefetchSpeculation
                0x00000000       0x88 ./drivers/fsl_flash.o
 .text.FLASH_PflashGetPrefetchSpeculation
                0x00000000       0x60 ./drivers/fsl_flash.o
 .text.copy_flash_run_command
                0x00000000       0x2c ./drivers/fsl_flash.o
 .text.flash_command_sequence
                0x00000000       0x6c ./drivers/fsl_flash.o
 .text.copy_flash_common_bit_operation
                0x00000000       0x2c ./drivers/fsl_flash.o
 .text.flash_cache_clear
                0x00000000       0x4c ./drivers/fsl_flash.o
 .text.flash_check_execute_in_ram_function_info
                0x00000000       0x3c ./drivers/fsl_flash.o
 .text.flash_check_range
                0x00000000       0x64 ./drivers/fsl_flash.o
 .text.flash_get_matched_operation_info
                0x00000000       0x6c ./drivers/fsl_flash.o
 .text.flash_check_user_key
                0x00000000       0x28 ./drivers/fsl_flash.o
 .text.flash_check_resource_range
                0x00000000       0xa8 ./drivers/fsl_flash.o
 .text.flash_check_swap_control_option
                0x00000000       0x3c ./drivers/fsl_flash.o
 .text.flash_validate_swap_indicator_address
                0x00000000       0x48 ./drivers/fsl_flash.o
 .text.flash_get_protection_info
                0x00000000       0x60 ./drivers/fsl_flash.o
 .debug_info    0x00000000     0x1d6f ./drivers/fsl_flash.o
 .debug_abbrev  0x00000000      0x238 ./drivers/fsl_flash.o
 .debug_aranges
                0x00000000      0x148 ./drivers/fsl_flash.o
 .debug_ranges  0x00000000      0x138 ./drivers/fsl_flash.o
 .debug_line    0x00000000      0x6a9 ./drivers/fsl_flash.o
 .debug_str     0x00000000     0x2255 ./drivers/fsl_flash.o
 .comment       0x00000000       0x71 ./drivers/fsl_flash.o
 .ARM.attributes
                0x00000000       0x39 ./drivers/fsl_flash.o
 .debug_frame   0x00000000      0x4a8 ./drivers/fsl_flash.o
 .text          0x00000000        0x0 ./drivers/fsl_gpio.o
 .data          0x00000000        0x0 ./drivers/fsl_gpio.o
 .bss           0x00000000        0x0 ./drivers/fsl_gpio.o
 .text.GPIO_WritePinOutput
                0x00000000       0x34 ./drivers/fsl_gpio.o
 .rodata.s_portBases
                0x00000000       0x14 ./drivers/fsl_gpio.o
 .rodata.s_gpioBases
                0x00000000       0x14 ./drivers/fsl_gpio.o
 .rodata        0x00000000       0x48 ./drivers/fsl_gpio.o
 .text.GPIO_GetInstance
                0x00000000       0x58 ./drivers/fsl_gpio.o
 .text.GPIO_PinInit
                0x00000000       0x70 ./drivers/fsl_gpio.o
 .text.GPIO_GetPinsInterruptFlags
                0x00000000       0x30 ./drivers/fsl_gpio.o
 .text.GPIO_ClearPinsInterruptFlags
                0x00000000       0x30 ./drivers/fsl_gpio.o
 .rodata.__func__.6336
                0x00000000       0x14 ./drivers/fsl_gpio.o
 .rodata.__func__.6342
                0x00000000       0x10 ./drivers/fsl_gpio.o
 .debug_info    0x00000000      0x54f ./drivers/fsl_gpio.o
 .debug_abbrev  0x00000000      0x192 ./drivers/fsl_gpio.o
 .debug_aranges
                0x00000000       0x40 ./drivers/fsl_gpio.o
 .debug_ranges  0x00000000       0x30 ./drivers/fsl_gpio.o
 .debug_line    0x00000000      0x171 ./drivers/fsl_gpio.o
 .debug_str     0x00000000      0x755 ./drivers/fsl_gpio.o
 .comment       0x00000000       0x71 ./drivers/fsl_gpio.o
 .ARM.attributes
                0x00000000       0x39 ./drivers/fsl_gpio.o
 .debug_frame   0x00000000       0xac ./drivers/fsl_gpio.o
 .text          0x00000000        0x0 ./drivers/fsl_i2c.o
 .data          0x00000000        0x0 ./drivers/fsl_i2c.o
 .bss           0x00000000        0x0 ./drivers/fsl_i2c.o
 .text.CLOCK_DisableClock
                0x00000000       0x38 ./drivers/fsl_i2c.o
 .text.I2C_Enable
                0x00000000       0x40 ./drivers/fsl_i2c.o
 .text.I2C_MasterDeinit
                0x00000000       0x30 ./drivers/fsl_i2c.o
 .text.I2C_MasterWriteBlocking
                0x00000000       0xdc ./drivers/fsl_i2c.o
 .text.I2C_MasterReadBlocking
                0x00000000       0xe0 ./drivers/fsl_i2c.o
 .text.I2C_MasterTransferBlocking
                0x00000000      0x210 ./drivers/fsl_i2c.o
 .text.I2C_MasterTransferAbort
                0x00000000       0xbc ./drivers/fsl_i2c.o
 .text.I2C_MasterTransferGetCount
                0x00000000       0x50 ./drivers/fsl_i2c.o
 .text.I2C_SlaveDeinit
                0x00000000       0x30 ./drivers/fsl_i2c.o
 .text.I2C_SlaveWriteBlocking
                0x00000000       0x8c ./drivers/fsl_i2c.o
 .text.I2C_SlaveReadBlocking
                0x00000000       0xb8 ./drivers/fsl_i2c.o
 .text.I2C_SlaveTransferAbort
                0x00000000       0x58 ./drivers/fsl_i2c.o
 .text.I2C_SlaveTransferGetCount
                0x00000000       0x64 ./drivers/fsl_i2c.o
 .rodata.__func__.6717
                0x00000000       0x1c ./drivers/fsl_i2c.o
 .rodata.__func__.6753
                0x00000000       0x18 ./drivers/fsl_i2c.o
 .rodata.__func__.6766
                0x00000000       0x1c ./drivers/fsl_i2c.o
 .rodata.__func__.6845
                0x00000000       0x18 ./drivers/fsl_i2c.o
 .rodata.__func__.6851
                0x00000000       0x1c ./drivers/fsl_i2c.o
 .text          0x00000000        0x0 ./drivers/fsl_smc.o
 .data          0x00000000        0x0 ./drivers/fsl_smc.o
 .bss           0x00000000        0x0 ./drivers/fsl_smc.o
 .rodata        0x00000000        0x8 ./drivers/fsl_smc.o
 .text.SMC_PreEnterStopModes
                0x00000000       0x2c ./drivers/fsl_smc.o
 .text.SMC_PostExitStopModes
                0x00000000       0x24 ./drivers/fsl_smc.o
 .text.SMC_SetPowerModeRun
                0x00000000       0x2c ./drivers/fsl_smc.o
 .text.SMC_SetPowerModeWait
                0x00000000       0x30 ./drivers/fsl_smc.o
 .text.SMC_SetPowerModeStop
                0x00000000       0x60 ./drivers/fsl_smc.o
 .text.SMC_SetPowerModeVlpr
                0x00000000       0x50 ./drivers/fsl_smc.o
 .text.SMC_SetPowerModeVlpw
                0x00000000       0x30 ./drivers/fsl_smc.o
 .text.SMC_SetPowerModeVlps
                0x00000000       0x64 ./drivers/fsl_smc.o
 .text.SMC_SetPowerModeLls
                0x00000000       0x64 ./drivers/fsl_smc.o
 .text.SMC_SetPowerModeVlls
                0x00000000       0xb8 ./drivers/fsl_smc.o
 .debug_info    0x00000000      0x7c3 ./drivers/fsl_smc.o
 .debug_abbrev  0x00000000      0x1e7 ./drivers/fsl_smc.o
 .debug_aranges
                0x00000000       0x68 ./drivers/fsl_smc.o
 .debug_ranges  0x00000000       0x58 ./drivers/fsl_smc.o
 .debug_line    0x00000000      0x278 ./drivers/fsl_smc.o
 .debug_str     0x00000000      0x720 ./drivers/fsl_smc.o
 .comment       0x00000000       0x71 ./drivers/fsl_smc.o
 .ARM.attributes
                0x00000000       0x39 ./drivers/fsl_smc.o
 .debug_frame   0x00000000      0x130 ./drivers/fsl_smc.o
 .text          0x00000000        0x0 ./drivers/fsl_uart.o
 .data          0x00000000        0x0 ./drivers/fsl_uart.o
 .bss           0x00000000        0x0 ./drivers/fsl_uart.o
 .text.NVIC_EnableIRQ
                0x00000000       0x30 ./drivers/fsl_uart.o
 .text.CLOCK_DisableClock
                0x00000000       0x38 ./drivers/fsl_uart.o
 .text.EnableIRQ
                0x00000000       0x28 ./drivers/fsl_uart.o
 .rodata.s_uartIRQ
                0x00000000        0x8 ./drivers/fsl_uart.o
 .text.UART_TransferGetRxRingBufferLength
                0x00000000       0x6c ./drivers/fsl_uart.o
 .text.UART_TransferIsRxRingBufferFull
                0x00000000       0x4c ./drivers/fsl_uart.o
 .text.UART_Deinit
                0x00000000       0x48 ./drivers/fsl_uart.o
 .text.UART_SetBaudRate
                0x00000000      0x11c ./drivers/fsl_uart.o
 .text.UART_EnableInterrupts
                0x00000000       0x70 ./drivers/fsl_uart.o
 .text.UART_DisableInterrupts
                0x00000000       0x80 ./drivers/fsl_uart.o
 .text.UART_GetEnabledInterrupts
                0x00000000       0x4c ./drivers/fsl_uart.o
 .text.UART_ClearStatusFlags
                0x00000000       0x8c ./drivers/fsl_uart.o
 .text.UART_WriteNonBlocking
                0x00000000       0x54 ./drivers/fsl_uart.o
 .text.UART_ReadNonBlocking
                0x00000000       0x54 ./drivers/fsl_uart.o
 .text.UART_TransferCreateHandle
                0x00000000       0x98 ./drivers/fsl_uart.o
 .text.UART_TransferStartRingBuffer
                0x00000000       0x88 ./drivers/fsl_uart.o
 .text.UART_TransferStopRingBuffer
                0x00000000       0x78 ./drivers/fsl_uart.o
 .text.UART_TransferSendNonBlocking
                0x00000000       0xc4 ./drivers/fsl_uart.o
 .text.UART_TransferAbortSend
                0x00000000       0x48 ./drivers/fsl_uart.o
 .text.UART_TransferGetSendCount
                0x00000000       0x6c ./drivers/fsl_uart.o
 .text.UART_TransferReceiveNonBlocking
                0x00000000      0x1d8 ./drivers/fsl_uart.o
 .text.UART_TransferAbortReceive
                0x00000000       0x6c ./drivers/fsl_uart.o
 .text.UART_TransferGetReceiveCount
                0x00000000       0x78 ./drivers/fsl_uart.o
 .text.UART_TransferHandleIRQ
                0x00000000      0x414 ./drivers/fsl_uart.o
 .text.UART_TransferHandleErrorIRQ
                0x00000000       0x14 ./drivers/fsl_uart.o
 .rodata.__func__.6521
                0x00000000       0x24 ./drivers/fsl_uart.o
 .rodata.__func__.6526
                0x00000000       0x20 ./drivers/fsl_uart.o
 .rodata.__func__.6557
                0x00000000       0x14 ./drivers/fsl_uart.o
 .rodata.__func__.6601
                0x00000000       0x18 ./drivers/fsl_uart.o
 .rodata.__func__.6624
                0x00000000       0x18 ./drivers/fsl_uart.o
 .rodata.__func__.6635
                0x00000000       0x1c ./drivers/fsl_uart.o
 .rodata.__func__.6643
                0x00000000       0x20 ./drivers/fsl_uart.o
 .rodata.__func__.6648
                0x00000000       0x1c ./drivers/fsl_uart.o
 .rodata.__func__.6654
                0x00000000       0x20 ./drivers/fsl_uart.o
 .rodata.__func__.6660
                0x00000000       0x18 ./drivers/fsl_uart.o
 .rodata.__func__.6666
                0x00000000       0x1c ./drivers/fsl_uart.o
 .rodata.__func__.6673
                0x00000000       0x20 ./drivers/fsl_uart.o
 .rodata.__func__.6686
                0x00000000       0x1c ./drivers/fsl_uart.o
 .rodata.__func__.6692
                0x00000000       0x20 ./drivers/fsl_uart.o
 .rodata.__func__.6697
                0x00000000       0x18 ./drivers/fsl_uart.o
 .data          0x00000000        0x0 ./devices/gcc/startup_MK64F12.o
 .bss           0x00000000        0x0 ./devices/gcc/startup_MK64F12.o
 .text          0x00000000        0x0 ./devices/system_MK64F12.o
 .data          0x00000000        0x0 ./devices/system_MK64F12.o
 .bss           0x00000000        0x0 ./devices/system_MK64F12.o
 .text.SystemCoreClockUpdate
                0x00000000      0x270 ./devices/system_MK64F12.o
 .text          0x00000000        0x0 c:/freescale/kds_v3/toolchain/bin/../lib/gcc/arm-none-eabi/4.8.4/../../../../arm-none-eabi/lib/armv7e-m/fpu\libg_s.a(lib_a-exit.o)
 .data          0x00000000        0x0 c:/freescale/kds_v3/toolchain/bin/../lib/gcc/arm-none-eabi/4.8.4/../../../../arm-none-eabi/lib/armv7e-m/fpu\libg_s.a(lib_a-exit.o)
 .bss           0x00000000        0x0 c:/freescale/kds_v3/toolchain/bin/../lib/gcc/arm-none-eabi/4.8.4/../../../../arm-none-eabi/lib/armv7e-m/fpu\libg_s.a(lib_a-exit.o)
 .text          0x00000000        0x0 c:/freescale/kds_v3/toolchain/bin/../lib/gcc/arm-none-eabi/4.8.4/../../../../arm-none-eabi/lib/armv7e-m/fpu\libg_s.a(lib_a-impure.o)
 .data          0x00000000        0x0 c:/freescale/kds_v3/toolchain/bin/../lib/gcc/arm-none-eabi/4.8.4/../../../../arm-none-eabi/lib/armv7e-m/fpu\libg_s.a(lib_a-impure.o)
 .bss           0x00000000        0x0 c:/freescale/kds_v3/toolchain/bin/../lib/gcc/arm-none-eabi/4.8.4/../../../../arm-none-eabi/lib/armv7e-m/fpu\libg_s.a(lib_a-impure.o)
 .data._impure_ptr
                0x00000000        0x4 c:/freescale/kds_v3/toolchain/bin/../lib/gcc/arm-none-eabi/4.8.4/../../../../arm-none-eabi/lib/armv7e-m/fpu\libg_s.a(lib_a-impure.o)
 .text          0x00000000        0x0 c:/freescale/kds_v3/toolchain/bin/../lib/gcc/arm-none-eabi/4.8.4/../../../../arm-none-eabi/lib/armv7e-m/fpu\libg_s.a(lib_a-init.o)
 .data          0x00000000        0x0 c:/freescale/kds_v3/toolchain/bin/../lib/gcc/arm-none-eabi/4.8.4/../../../../arm-none-eabi/lib/armv7e-m/fpu\libg_s.a(lib_a-init.o)
 .bss           0x00000000        0x0 c:/freescale/kds_v3/toolchain/bin/../lib/gcc/arm-none-eabi/4.8.4/../../../../arm-none-eabi/lib/armv7e-m/fpu\libg_s.a(lib_a-init.o)
 .text          0x00000000        0x0 c:/freescale/kds_v3/toolchain/bin/../lib/gcc/arm-none-eabi/4.8.4/../../../../arm-none-eabi/lib/armv7e-m/fpu\libg_s.a(lib_a-memcpy-stub.o)
 .data          0x00000000        0x0 c:/freescale/kds_v3/toolchain/bin/../lib/gcc/arm-none-eabi/4.8.4/../../../../arm-none-eabi/lib/armv7e-m/fpu\libg_s.a(lib_a-memcpy-stub.o)
 .bss           0x00000000        0x0 c:/freescale/kds_v3/toolchain/bin/../lib/gcc/arm-none-eabi/4.8.4/../../../../arm-none-eabi/lib/armv7e-m/fpu\libg_s.a(lib_a-memcpy-stub.o)
 .text.memcpy   0x00000000       0x12 c:/freescale/kds_v3/toolchain/bin/../lib/gcc/arm-none-eabi/4.8.4/../../../../arm-none-eabi/lib/armv7e-m/fpu\libg_s.a(lib_a-memcpy-stub.o)
 .ARM.attributes
                0x00000000       0x34 c:/freescale/kds_v3/toolchain/bin/../lib/gcc/arm-none-eabi/4.8.4/../../../../arm-none-eabi/lib/armv7e-m/fpu\libg_s.a(lib_a-memcpy-stub.o)
 .debug_frame   0x00000000       0x28 c:/freescale/kds_v3/toolchain/bin/../lib/gcc/arm-none-eabi/4.8.4/../../../../arm-none-eabi/lib/armv7e-m/fpu\libg_s.a(lib_a-memcpy-stub.o)
 .text          0x00000000        0x0 c:/freescale/kds_v3/toolchain/bin/../lib/gcc/arm-none-eabi/4.8.4/../../../../arm-none-eabi/lib/armv7e-m/fpu\libg_s.a(lib_a-memset.o)
 .data          0x00000000        0x0 c:/freescale/kds_v3/toolchain/bin/../lib/gcc/arm-none-eabi/4.8.4/../../../../arm-none-eabi/lib/armv7e-m/fpu\libg_s.a(lib_a-memset.o)
 .bss           0x00000000        0x0 c:/freescale/kds_v3/toolchain/bin/../lib/gcc/arm-none-eabi/4.8.4/../../../../arm-none-eabi/lib/armv7e-m/fpu\libg_s.a(lib_a-memset.o)
 .text          0x00000000        0x0 c:/freescale/kds_v3/toolchain/bin/../lib/gcc/arm-none-eabi/4.8.4/../../../../arm-none-eabi/lib/armv7e-m/fpu\libg_s.a(lib_a-strlen.o)
 .data          0x00000000        0x0 c:/freescale/kds_v3/toolchain/bin/../lib/gcc/arm-none-eabi/4.8.4/../../../../arm-none-eabi/lib/armv7e-m/fpu\libg_s.a(lib_a-strlen.o)
 .bss           0x00000000        0x0 c:/freescale/kds_v3/toolchain/bin/../lib/gcc/arm-none-eabi/4.8.4/../../../../arm-none-eabi/lib/armv7e-m/fpu\libg_s.a(lib_a-strlen.o)
 .text          0x00000000        0x0 c:/freescale/kds_v3/toolchain/bin/../lib/gcc/arm-none-eabi/4.8.4/../../../../arm-none-eabi/lib/armv7e-m/fpu\libnosys.a(_exit.o)
 .data          0x00000000        0x0 c:/freescale/kds_v3/toolchain/bin/../lib/gcc/arm-none-eabi/4.8.4/../../../../arm-none-eabi/lib/armv7e-m/fpu\libnosys.a(_exit.o)
 .bss           0x00000000        0x0 c:/freescale/kds_v3/toolchain/bin/../lib/gcc/arm-none-eabi/4.8.4/../../../../arm-none-eabi/lib/armv7e-m/fpu\libnosys.a(_exit.o)
 .text          0x00000000        0x0 c:/freescale/kds_v3/toolchain/bin/../lib/gcc/arm-none-eabi/4.8.4/armv7e-m/fpu/crtend.o
 .data          0x00000000        0x0 c:/freescale/kds_v3/toolchain/bin/../lib/gcc/arm-none-eabi/4.8.4/armv7e-m/fpu/crtend.o
 .bss           0x00000000        0x0 c:/freescale/kds_v3/toolchain/bin/../lib/gcc/arm-none-eabi/4.8.4/armv7e-m/fpu/crtend.o
 .eh_frame      0x00000000        0x4 c:/freescale/kds_v3/toolchain/bin/../lib/gcc/arm-none-eabi/4.8.4/armv7e-m/fpu/crtend.o
 .text          0x00000000        0x0 c:/freescale/kds_v3/toolchain/bin/../lib/gcc/arm-none-eabi/4.8.4/armv7e-m/fpu/crtn.o
 .data          0x00000000        0x0 c:/freescale/kds_v3/toolchain/bin/../lib/gcc/arm-none-eabi/4.8.4/armv7e-m/fpu/crtn.o
 .bss           0x00000000        0x0 c:/freescale/kds_v3/toolchain/bin/../lib/gcc/arm-none-eabi/4.8.4/armv7e-m/fpu/crtn.o

Memory Configuration

Name             Origin             Length             Attributes
m_interrupts     0x00000000         0x00000400         xr
m_flash_config   0x00000400         0x00000010         xr
m_text           0x00000410         0x000ffbf0         xr
m_data           0x1fff0000         0x00010000         rw
m_data_2         0x20000000         0x00030000         rw
*default*        0x00000000         0xffffffff

Linker script and memory map

LOAD c:/freescale/kds_v3/toolchain/bin/../lib/gcc/arm-none-eabi/4.8.4/armv7e-m/fpu/crti.o
LOAD c:/freescale/kds_v3/toolchain/bin/../lib/gcc/arm-none-eabi/4.8.4/armv7e-m/fpu/crtbegin.o
LOAD c:/freescale/kds_v3/toolchain/bin/../lib/gcc/arm-none-eabi/4.8.4/../../../../arm-none-eabi/lib/armv7e-m/fpu/crt0.o
START GROUP
LOAD ./utilities/fsl_debug_console.o
LOAD ./sources/board.o
LOAD ./sources/clock_config.o
LOAD ./sources/i2c_interrupt_transfer.o
LOAD ./sources/pin_mux.o
LOAD ./drivers/fsl_clock.o
LOAD ./drivers/fsl_common.o
LOAD ./drivers/fsl_flash.o
LOAD ./drivers/fsl_gpio.o
LOAD ./drivers/fsl_i2c.o
LOAD ./drivers/fsl_smc.o
LOAD ./drivers/fsl_uart.o
LOAD ./devices/gcc/startup_MK64F12.o
LOAD ./devices/system_MK64F12.o
LOAD c:/freescale/kds_v3/toolchain/bin/../lib/gcc/arm-none-eabi/4.8.4/../../../../arm-none-eabi/lib/armv7e-m/fpu\libg_s.a
LOAD c:/freescale/kds_v3/toolchain/bin/../lib/gcc/arm-none-eabi/4.8.4/armv7e-m/fpu\libgcc.a
LOAD c:/freescale/kds_v3/toolchain/bin/../lib/gcc/arm-none-eabi/4.8.4/../../../../arm-none-eabi/lib/armv7e-m/fpu\libnosys.a
END GROUP
LOAD c:/freescale/kds_v3/toolchain/bin/../lib/gcc/arm-none-eabi/4.8.4/../../../../arm-none-eabi/lib/armv7e-m/fpu\libstdc++_s.a
LOAD c:/freescale/kds_v3/toolchain/bin/../lib/gcc/arm-none-eabi/4.8.4/../../../../arm-none-eabi/lib/armv7e-m/fpu\libm.a
START GROUP
LOAD c:/freescale/kds_v3/toolchain/bin/../lib/gcc/arm-none-eabi/4.8.4/armv7e-m/fpu\libgcc.a
LOAD c:/freescale/kds_v3/toolchain/bin/../lib/gcc/arm-none-eabi/4.8.4/../../../../arm-none-eabi/lib/armv7e-m/fpu\libg_s.a
LOAD c:/freescale/kds_v3/toolchain/bin/../lib/gcc/arm-none-eabi/4.8.4/../../../../arm-none-eabi/lib/armv7e-m/fpu\libc_s.a
END GROUP
START GROUP
LOAD c:/freescale/kds_v3/toolchain/bin/../lib/gcc/arm-none-eabi/4.8.4/armv7e-m/fpu\libgcc.a
LOAD c:/freescale/kds_v3/toolchain/bin/../lib/gcc/arm-none-eabi/4.8.4/../../../../arm-none-eabi/lib/armv7e-m/fpu\libc_s.a
END GROUP
LOAD c:/freescale/kds_v3/toolchain/bin/../lib/gcc/arm-none-eabi/4.8.4/armv7e-m/fpu/crtend.o
LOAD c:/freescale/kds_v3/toolchain/bin/../lib/gcc/arm-none-eabi/4.8.4/armv7e-m/fpu/crtn.o
                0x00000400                HEAP_SIZE = DEFINED (__heap_size__)?__heap_size__:0x400
                0x00000400                STACK_SIZE = DEFINED (__stack_size__)?__stack_size__:0x400
                0x00000000                M_VECTOR_RAM_SIZE = DEFINED (__ram_vector_table__)?0x400:0x0

.interrupts     0x00000000      0x400
                0x00000000                __VECTOR_TABLE = .
                0x00000000                . = ALIGN (0x4)
 *(.isr_vector)
 .isr_vector    0x00000000      0x400 ./devices/gcc/startup_MK64F12.o
                0x00000000                __isr_vector
                0x00000400                . = ALIGN (0x4)

.flash_config   0x00000400       0x10
                0x00000400                . = ALIGN (0x4)
 *(.FlashConfig)
 .FlashConfig   0x00000400       0x10 ./devices/gcc/startup_MK64F12.o
                0x00000410                . = ALIGN (0x4)

.text           0x00000410     0x3a40
                0x00000410                . = ALIGN (0x4)
 *(.text)
 .text          0x00000410       0x54 c:/freescale/kds_v3/toolchain/bin/../lib/gcc/arm-none-eabi/4.8.4/armv7e-m/fpu/crtbegin.o
 .text          0x00000464       0x74 c:/freescale/kds_v3/toolchain/bin/../lib/gcc/arm-none-eabi/4.8.4/../../../../arm-none-eabi/lib/armv7e-m/fpu/crt0.o
                0x00000464                _start
                0x00000464                _mainCRTStartup
 .text          0x000004d8      0x1fc ./devices/gcc/startup_MK64F12.o
                0x000004d8                Reset_Handler
                0x00000534                DebugMon_Handler
                0x00000534                PORTC_IRQHandler
                0x00000534                DMA0_DriverIRQHandler
                0x00000534                DMA12_DriverIRQHandler
                0x00000534                WDOG_EWM_IRQHandler
                0x00000534                SPI1_DriverIRQHandler
                0x00000534                DMA_Error_DriverIRQHandler
                0x00000534                UART4_ERR_DriverIRQHandler
                0x00000534                CMP0_IRQHandler
                0x00000534                UART0_LON_DriverIRQHandler
                0x00000534                USB0_IRQHandler
                0x00000534                DMA7_DriverIRQHandler
                0x00000534                ENET_Transmit_DriverIRQHandler
                0x00000534                DMA2_DriverIRQHandler
                0x00000534                UART1_ERR_DriverIRQHandler
                0x00000534                BusFault_Handler
                0x00000534                SDHC_DriverIRQHandler
                0x00000534                PIT0_IRQHandler
                0x00000534                LPTMR0_IRQHandler
                0x00000534                CMP2_IRQHandler
                0x00000534                LLWU_IRQHandler
                0x00000534                I2S0_Tx_DriverIRQHandler
                0x00000534                DMA6_DriverIRQHandler
                0x00000534                FTM2_IRQHandler
                0x00000534                PORTE_IRQHandler
                0x00000534                FTM3_IRQHandler
                0x00000534                ENET_1588_Timer_DriverIRQHandler
                0x00000534                SWI_IRQHandler
                0x00000534                ADC0_IRQHandler
                0x00000534                UsageFault_Handler
                0x00000534                CAN0_DriverIRQHandler
                0x00000534                CMT_IRQHandler
                0x00000534                MCM_IRQHandler
                0x00000534                DAC1_IRQHandler
                0x00000534                DefaultISR
                0x00000534                PORTA_IRQHandler
                0x00000534                UART5_ERR_DriverIRQHandler
                0x00000534                FTM0_IRQHandler
                0x00000534                DMA11_DriverIRQHandler
                0x00000534                CMP1_IRQHandler
                0x00000534                Reserved71_IRQHandler
                0x00000534                PORTD_IRQHandler
                0x00000534                PORTB_IRQHandler
                0x00000534                DMA10_DriverIRQHandler
                0x00000534                LVD_LVW_IRQHandler
                0x00000534                UART2_ERR_DriverIRQHandler
                0x00000534                SPI2_DriverIRQHandler
                0x00000534                ADC1_IRQHandler
                0x00000534                DMA5_DriverIRQHandler
                0x00000534                DMA4_DriverIRQHandler
                0x00000534                PIT1_IRQHandler
                0x00000534                PIT2_IRQHandler
                0x00000534                SPI0_DriverIRQHandler
                0x00000534                DMA15_DriverIRQHandler
                0x00000534                RTC_IRQHandler
                0x00000534                UART3_ERR_DriverIRQHandler
                0x00000534                PDB0_IRQHandler
                0x00000534                MCG_IRQHandler
                0x00000534                FTM1_IRQHandler
                0x00000534                ENET_Error_DriverIRQHandler
                0x00000534                DMA13_DriverIRQHandler
                0x00000534                DMA3_DriverIRQHandler
                0x00000534                PIT3_IRQHandler
                0x00000534                DAC0_IRQHandler
                0x00000534                RTC_Seconds_IRQHandler
                0x00000534                I2S0_Rx_DriverIRQHandler
                0x00000534                FTFE_IRQHandler
                0x00000534                DMA9_DriverIRQHandler
                0x00000534                DMA8_DriverIRQHandler
                0x00000534                UART0_ERR_DriverIRQHandler
                0x00000534                ENET_Receive_DriverIRQHandler
                0x00000534                USBDCD_IRQHandler
                0x00000534                RNG_IRQHandler
                0x00000534                Read_Collision_IRQHandler
                0x00000534                DMA14_DriverIRQHandler
                0x00000534                DMA1_DriverIRQHandler
                0x00000534                MemManage_Handler
                0x00000538                NMI_Handler
                0x0000053c                HardFault_Handler
                0x00000540                SVC_Handler
                0x00000544                PendSV_Handler
                0x00000548                SysTick_Handler
                0x0000054c                DMA0_IRQHandler
                0x00000550                DMA1_IRQHandler
                0x00000554                DMA2_IRQHandler
                0x00000558                DMA3_IRQHandler
                0x0000055c                DMA4_IRQHandler
                0x00000560                DMA5_IRQHandler
                0x00000564                DMA6_IRQHandler
                0x00000568                DMA7_IRQHandler
                0x0000056c                DMA8_IRQHandler
                0x00000570                DMA9_IRQHandler
                0x00000574                DMA10_IRQHandler
                0x00000578                DMA11_IRQHandler
                0x0000057c                DMA12_IRQHandler
                0x00000580                DMA13_IRQHandler
                0x00000584                DMA14_IRQHandler
                0x00000588                DMA15_IRQHandler
                0x0000058c                DMA_Error_IRQHandler
                0x00000590                I2C0_IRQHandler
                0x00000594                I2C1_IRQHandler
                0x00000598                SPI0_IRQHandler
                0x0000059c                SPI1_IRQHandler
                0x000005a0                I2S0_Tx_IRQHandler
                0x000005a4                I2S0_Rx_IRQHandler
                0x000005a8                UART0_LON_IRQHandler
                0x000005ac                UART0_RX_TX_IRQHandler
                0x000005b0                UART0_ERR_IRQHandler
                0x000005b4                UART1_RX_TX_IRQHandler
                0x000005b8                UART1_ERR_IRQHandler
                0x000005bc                UART2_RX_TX_IRQHandler
                0x000005c0                UART2_ERR_IRQHandler
                0x000005c4                UART3_RX_TX_IRQHandler
                0x000005c8                UART3_ERR_IRQHandler
                0x000005cc                SPI2_IRQHandler
                0x000005d0                UART4_RX_TX_IRQHandler
                0x000005d4                UART4_ERR_IRQHandler
                0x000005d8                UART5_RX_TX_IRQHandler
                0x000005dc                UART5_ERR_IRQHandler
                0x000005e0                I2C2_IRQHandler
                0x000005e4                CAN0_ORed_Message_buffer_IRQHandler
                0x000005e8                CAN0_Bus_Off_IRQHandler
                0x000005ec                CAN0_Error_IRQHandler
                0x000005f0                CAN0_Tx_Warning_IRQHandler
                0x000005f4                CAN0_Rx_Warning_IRQHandler
                0x000005f8                CAN0_Wake_Up_IRQHandler
                0x000005fc                SDHC_IRQHandler
                0x00000600                ENET_1588_Timer_IRQHandler
                0x00000604                ENET_Transmit_IRQHandler
                0x00000608                ENET_Receive_IRQHandler
                0x0000060c                ENET_Error_IRQHandler
 *(.text*)
 .text.UART_EnableTx
                0x000006d4       0x40 ./utilities/fsl_debug_console.o
 .text.UART_EnableRx
                0x00000714       0x40 ./utilities/fsl_debug_console.o
 .text.DbgConsole_Init
                0x00000754       0x90 ./utilities/fsl_debug_console.o
                0x00000754                DbgConsole_Init
 .text.DbgConsole_Printf
                0x000007e4       0x40 ./utilities/fsl_debug_console.o
                0x000007e4                DbgConsole_Printf
 .text.DbgConsole_Putchar
                0x00000824       0x38 ./utilities/fsl_debug_console.o
                0x00000824                DbgConsole_Putchar
 .text.DbgConsole_PrintfPaddingCharacter
                0x0000085c       0x40 ./utilities/fsl_debug_console.o
 .text.DbgConsole_ConvertRadixNumToString
                0x0000089c      0x118 ./utilities/fsl_debug_console.o
 .text.DbgConsole_PrintfFormattedData
                0x000009b4      0x36c ./utilities/fsl_debug_console.o
 .text.BOARD_InitDebugConsole
                0x00000d20       0x24 ./sources/board.o
                0x00000d20                BOARD_InitDebugConsole
 .text.CLOCK_SetSimSafeDivs
                0x00000d44       0x20 ./sources/clock_config.o
 .text.CLOCK_SetXtal0Freq
                0x00000d64       0x1c ./sources/clock_config.o
 .text.BOARD_BootClockRUN
                0x00000d80       0x64 ./sources/clock_config.o
                0x00000d80                BOARD_BootClockRUN
 .text.BOARD_InitOsc0
                0x00000de4       0x30 ./sources/clock_config.o
                0x00000de4                BOARD_InitOsc0
 .text.NVIC_SetPriority
                0x00000e14       0x54 ./sources/i2c_interrupt_transfer.o
 .text.i2c_master_callback
                0x00000e68       0x28 ./sources/i2c_interrupt_transfer.o
 .text.i2c_slave_callback
                0x00000e90       0x5c ./sources/i2c_interrupt_transfer.o
 .text.main     0x00000eec      0x388 ./sources/i2c_interrupt_transfer.o
                0x00000eec                main
 .text.CLOCK_EnableClock
                0x00001274       0x34 ./sources/pin_mux.o
 .text.PORT_SetPinMux
                0x000012a8       0x38 ./sources/pin_mux.o
 .text.BOARD_InitPins
                0x000012e0       0xd8 ./sources/pin_mux.o
                0x000012e0                BOARD_InitPins
 .text.CLOCK_SetEr32kClock
                0x000013b8       0x2c ./drivers/fsl_clock.o
 .text.CLOCK_SetPllFllSelClock
                0x000013e4       0x38 ./drivers/fsl_clock.o
 .text.OSC_SetExtRefClkConfig
                0x0000141c       0x34 ./drivers/fsl_clock.o
 .text.OSC_SetCapLoad
                0x00001450       0x34 ./drivers/fsl_clock.o
 .text.CLOCK_GetMcgExtClkFreq
                0x00001484       0x8c ./drivers/fsl_clock.o
 .text.CLOCK_GetFllExtRefClkFreq
                0x00001510       0xc8 ./drivers/fsl_clock.o
 .text.CLOCK_GetInternalRefClkSelectFreq
                0x000015d8       0x44 ./drivers/fsl_clock.o
 .text.CLOCK_GetFllRefClkFreq
                0x0000161c       0x2c ./drivers/fsl_clock.o
 .text.CLOCK_GetPll0RefFreq
                0x00001648       0x10 ./drivers/fsl_clock.o
 .text.CLOCK_GetOscRangeFromFreq
                0x00001658       0x3c ./drivers/fsl_clock.o
 .text.CLOCK_GetOsc0ErClkFreq
                0x00001694       0x48 ./drivers/fsl_clock.o
                0x00001694                CLOCK_GetOsc0ErClkFreq
 .text.CLOCK_GetEr32kClkFreq
                0x000016dc       0x80 ./drivers/fsl_clock.o
                0x000016dc                CLOCK_GetEr32kClkFreq
 .text.CLOCK_GetPllFllSelClkFreq
                0x0000175c       0x54 ./drivers/fsl_clock.o
                0x0000175c                CLOCK_GetPllFllSelClkFreq
 .text.CLOCK_GetCoreSysClkFreq
                0x000017b0       0x24 ./drivers/fsl_clock.o
                0x000017b0                CLOCK_GetCoreSysClkFreq
 .text.CLOCK_GetFreq
                0x000017d4      0x144 ./drivers/fsl_clock.o
                0x000017d4                CLOCK_GetFreq
 .text.CLOCK_SetSimConfig
                0x00001918       0x34 ./drivers/fsl_clock.o
                0x00001918                CLOCK_SetSimConfig
 .text.CLOCK_GetOutClkFreq
                0x0000194c       0x64 ./drivers/fsl_clock.o
                0x0000194c                CLOCK_GetOutClkFreq
 .text.CLOCK_GetFllFreq
                0x000019b0       0x74 ./drivers/fsl_clock.o
                0x000019b0                CLOCK_GetFllFreq
 .text.CLOCK_GetInternalRefClkFreq
                0x00001a24       0x24 ./drivers/fsl_clock.o
                0x00001a24                CLOCK_GetInternalRefClkFreq
 .text.CLOCK_GetFixedFreqClkFreq
                0x00001a48       0x30 ./drivers/fsl_clock.o
                0x00001a48                CLOCK_GetFixedFreqClkFreq
 .text.CLOCK_GetPll0Freq
                0x00001a78       0x78 ./drivers/fsl_clock.o
                0x00001a78                CLOCK_GetPll0Freq
 .text.CLOCK_SetExternalRefClkConfig
                0x00001af0       0x90 ./drivers/fsl_clock.o
                0x00001af0                CLOCK_SetExternalRefClkConfig
 .text.CLOCK_SetInternalRefClkConfig
                0x00001b80      0x104 ./drivers/fsl_clock.o
                0x00001b80                CLOCK_SetInternalRefClkConfig
 .text.CLOCK_EnablePll0
                0x00001c84       0x94 ./drivers/fsl_clock.o
                0x00001c84                CLOCK_EnablePll0
 .text.CLOCK_InitOsc0
                0x00001d18       0x8c ./drivers/fsl_clock.o
                0x00001d18                CLOCK_InitOsc0
 .text.CLOCK_SetPbeMode
                0x00001da4       0xb8 ./drivers/fsl_clock.o
                0x00001da4                CLOCK_SetPbeMode
 .text.CLOCK_BootToPeeMode
                0x00001e5c       0x74 ./drivers/fsl_clock.o
                0x00001e5c                CLOCK_BootToPeeMode
 .text.__assert_func
                0x00001ed0       0x28 ./drivers/fsl_common.o
                0x00001ed0                __assert_func
 .text.NVIC_EnableIRQ
                0x00001ef8       0x30 ./drivers/fsl_i2c.o
 .text.CLOCK_EnableClock
                0x00001f28       0x34 ./drivers/fsl_i2c.o
 .text.EnableIRQ
                0x00001f5c       0x28 ./drivers/fsl_i2c.o
 .text.I2C_SlaveGetStatusFlags
                0x00001f84       0x18 ./drivers/fsl_i2c.o
 .text.I2C_MasterClearStatusFlags
                0x00001f9c       0x58 ./drivers/fsl_i2c.o
 .text.I2C_SlaveClearStatusFlags
                0x00001ff4       0x18 ./drivers/fsl_i2c.o
 .text.I2C_GetInstance
                0x0000200c       0x58 ./drivers/fsl_i2c.o
                0x0000200c                I2C_GetInstance
 .text.I2C_SetHoldTime
                0x00002064       0xe4 ./drivers/fsl_i2c.o
 .text.I2C_InitTransferStateMachine
                0x00002148       0x94 ./drivers/fsl_i2c.o
 .text.I2C_CheckAndClearError
                0x000021dc       0x44 ./drivers/fsl_i2c.o
 .text.I2C_MasterTransferRunStateMachine
                0x00002220      0x24c ./drivers/fsl_i2c.o
 .text.I2C_TransferCommonIRQHandler
                0x0000246c       0x50 ./drivers/fsl_i2c.o
 .text.I2C_MasterInit
                0x000024bc       0xe8 ./drivers/fsl_i2c.o
                0x000024bc                I2C_MasterInit
 .text.I2C_MasterGetDefaultConfig
                0x000025a4       0x50 ./drivers/fsl_i2c.o
                0x000025a4                I2C_MasterGetDefaultConfig
 .text.I2C_EnableInterrupts
                0x000025f4       0x54 ./drivers/fsl_i2c.o
                0x000025f4                I2C_EnableInterrupts
 .text.I2C_DisableInterrupts
                0x00002648       0x48 ./drivers/fsl_i2c.o
                0x00002648                I2C_DisableInterrupts
 .text.I2C_MasterSetBaudRate
                0x00002690       0xd8 ./drivers/fsl_i2c.o
                0x00002690                I2C_MasterSetBaudRate
 .text.I2C_MasterStart
                0x00002768       0x64 ./drivers/fsl_i2c.o
                0x00002768                I2C_MasterStart
 .text.I2C_MasterRepeatedStart
                0x000027cc       0x9c ./drivers/fsl_i2c.o
                0x000027cc                I2C_MasterRepeatedStart
 .text.I2C_MasterStop
                0x00002868       0x58 ./drivers/fsl_i2c.o
                0x00002868                I2C_MasterStop
 .text.I2C_MasterGetStatusFlags
                0x000028c0       0x4c ./drivers/fsl_i2c.o
                0x000028c0                I2C_MasterGetStatusFlags
 .text.I2C_MasterTransferCreateHandle
                0x0000290c       0x84 ./drivers/fsl_i2c.o
                0x0000290c                I2C_MasterTransferCreateHandle
 .text.I2C_MasterTransferNonBlocking
                0x00002990       0x7c ./drivers/fsl_i2c.o
                0x00002990                I2C_MasterTransferNonBlocking
 .text.I2C_MasterTransferHandleIRQ
                0x00002a0c       0xc0 ./drivers/fsl_i2c.o
                0x00002a0c                I2C_MasterTransferHandleIRQ
 .text.I2C_SlaveInit
                0x00002acc      0x144 ./drivers/fsl_i2c.o
                0x00002acc                I2C_SlaveInit
 .text.I2C_SlaveGetDefaultConfig
                0x00002c10       0x5c ./drivers/fsl_i2c.o
                0x00002c10                I2C_SlaveGetDefaultConfig
 .text.I2C_SlaveTransferCreateHandle
                0x00002c6c       0x84 ./drivers/fsl_i2c.o
                0x00002c6c                I2C_SlaveTransferCreateHandle
 .text.I2C_SlaveTransferNonBlocking
                0x00002cf0       0x80 ./drivers/fsl_i2c.o
                0x00002cf0                I2C_SlaveTransferNonBlocking
 .text.I2C_SlaveTransferHandleIRQ
                0x00002d70      0x300 ./drivers/fsl_i2c.o
                0x00002d70                I2C_SlaveTransferHandleIRQ
 .text.I2C0_DriverIRQHandler
                0x00003070       0x1c ./drivers/fsl_i2c.o
                0x00003070                I2C0_DriverIRQHandler
 .text.I2C1_DriverIRQHandler
                0x0000308c       0x1c ./drivers/fsl_i2c.o
                0x0000308c                I2C1_DriverIRQHandler
 .text.I2C2_DriverIRQHandler
                0x000030a8       0x1c ./drivers/fsl_i2c.o
                0x000030a8                I2C2_DriverIRQHandler
 .text.CLOCK_EnableClock
                0x000030c4       0x34 ./drivers/fsl_uart.o
 .text.UART_GetInstance
                0x000030f8       0x60 ./drivers/fsl_uart.o
                0x000030f8                UART_GetInstance
 .text.UART_Init
                0x00003158      0x2d8 ./drivers/fsl_uart.o
                0x00003158                UART_Init
 .text.UART_GetDefaultConfig
                0x00003430       0x5c ./drivers/fsl_uart.o
                0x00003430                UART_GetDefaultConfig
 .text.UART_GetStatusFlags
                0x0000348c       0x48 ./drivers/fsl_uart.o
                0x0000348c                UART_GetStatusFlags
 .text.UART_WriteBlocking
                0x000034d4       0x40 ./drivers/fsl_uart.o
                0x000034d4                UART_WriteBlocking
 .text.UART_ReadBlocking
                0x00003514       0xa4 ./drivers/fsl_uart.o
                0x00003514                UART_ReadBlocking
 .text.UART0_DriverIRQHandler
                0x000035b8       0x20 ./drivers/fsl_uart.o
                0x000035b8                UART0_DriverIRQHandler
 .text.UART0_RX_TX_DriverIRQHandler
                0x000035d8        0xc ./drivers/fsl_uart.o
                0x000035d8                UART0_RX_TX_DriverIRQHandler
 .text.UART1_DriverIRQHandler
                0x000035e4       0x20 ./drivers/fsl_uart.o
                0x000035e4                UART1_DriverIRQHandler
 .text.UART1_RX_TX_DriverIRQHandler
                0x00003604        0xc ./drivers/fsl_uart.o
                0x00003604                UART1_RX_TX_DriverIRQHandler
 .text.UART2_DriverIRQHandler
                0x00003610       0x20 ./drivers/fsl_uart.o
                0x00003610                UART2_DriverIRQHandler
 .text.UART2_RX_TX_DriverIRQHandler
                0x00003630        0xc ./drivers/fsl_uart.o
                0x00003630                UART2_RX_TX_DriverIRQHandler
 .text.UART3_DriverIRQHandler
                0x0000363c       0x20 ./drivers/fsl_uart.o
                0x0000363c                UART3_DriverIRQHandler
 .text.UART3_RX_TX_DriverIRQHandler
                0x0000365c        0xc ./drivers/fsl_uart.o
                0x0000365c                UART3_RX_TX_DriverIRQHandler
 .text.UART4_DriverIRQHandler
                0x00003668       0x20 ./drivers/fsl_uart.o
                0x00003668                UART4_DriverIRQHandler
 .text.UART4_RX_TX_DriverIRQHandler
                0x00003688        0xc ./drivers/fsl_uart.o
                0x00003688                UART4_RX_TX_DriverIRQHandler
 .text.UART5_DriverIRQHandler
                0x00003694       0x20 ./drivers/fsl_uart.o
                0x00003694                UART5_DriverIRQHandler
 .text.UART5_RX_TX_DriverIRQHandler
                0x000036b4        0xc ./drivers/fsl_uart.o
                0x000036b4                UART5_RX_TX_DriverIRQHandler
 .text.SystemInit
                0x000036c0       0x3c ./devices/system_MK64F12.o
                0x000036c0                SystemInit
 .text.exit     0x000036fc       0x28 c:/freescale/kds_v3/toolchain/bin/../lib/gcc/arm-none-eabi/4.8.4/../../../../arm-none-eabi/lib/armv7e-m/fpu\libg_s.a(lib_a-exit.o)
                0x000036fc                exit
 .text.__libc_init_array
                0x00003724       0x4c c:/freescale/kds_v3/toolchain/bin/../lib/gcc/arm-none-eabi/4.8.4/../../../../arm-none-eabi/lib/armv7e-m/fpu\libg_s.a(lib_a-init.o)
                0x00003724                __libc_init_array
 .text.memset   0x00003770       0x10 c:/freescale/kds_v3/toolchain/bin/../lib/gcc/arm-none-eabi/4.8.4/../../../../arm-none-eabi/lib/armv7e-m/fpu\libg_s.a(lib_a-memset.o)
                0x00003770                memset
 .text.strlen   0x00003780       0x10 c:/freescale/kds_v3/toolchain/bin/../lib/gcc/arm-none-eabi/4.8.4/../../../../arm-none-eabi/lib/armv7e-m/fpu\libg_s.a(lib_a-strlen.o)
                0x00003780                strlen
 .text._exit    0x00003790        0x4 c:/freescale/kds_v3/toolchain/bin/../lib/gcc/arm-none-eabi/4.8.4/../../../../arm-none-eabi/lib/armv7e-m/fpu\libnosys.a(_exit.o)
                0x00003790                _exit
 *(.rodata)
 .rodata        0x00003794       0x1c ./sources/clock_config.o
 .rodata        0x000037b0      0x120 ./sources/i2c_interrupt_transfer.o
 .rodata        0x000038d0       0x48 ./drivers/fsl_clock.o
 .rodata        0x00003918       0x40 ./drivers/fsl_common.o
 .rodata        0x00003958       0xcc ./drivers/fsl_i2c.o
 .rodata        0x00003a24      0x12c ./drivers/fsl_uart.o
 *(.rodata*)
 .rodata.__func__.6318
                0x00003b50       0x18 ./drivers/fsl_clock.o
 .rodata.__func__.6363
                0x00003b68       0x18 ./drivers/fsl_clock.o
 .rodata.__func__.6371
                0x00003b80       0x18 ./drivers/fsl_clock.o
 .rodata.fllFactorTable.6446
                0x00003b98       0x10 ./drivers/fsl_clock.o
 .rodata.__func__.6461
                0x00003ba8       0x14 ./drivers/fsl_clock.o
 .rodata.__func__.6509
                0x00003bbc       0x14 ./drivers/fsl_clock.o
 .rodata.__func__.6645
                0x00003bd0       0x14 ./drivers/fsl_clock.o
 .rodata.__func__.6709
                0x00003be4       0x14 ./drivers/fsl_clock.o
 .rodata.s_i2cDividerTable
                0x00003bf8       0x80 ./drivers/fsl_i2c.o
 .rodata.s_i2cBases
                0x00003c78        0xc ./drivers/fsl_i2c.o
 .rodata.s_i2cIrqs
                0x00003c84        0x4 ./drivers/fsl_i2c.o
 .rodata.s_i2cClocks
                0x00003c88        0xc ./drivers/fsl_i2c.o
 .rodata.__func__.6554
                0x00003c94       0x10 ./drivers/fsl_i2c.o
 .rodata.__func__.6610
                0x00003ca4       0x10 ./drivers/fsl_i2c.o
 .rodata.__func__.6619
                0x00003cb4       0x1c ./drivers/fsl_i2c.o
 .rodata.__func__.6740
                0x00003cd0       0x20 ./drivers/fsl_i2c.o
 .rodata.__func__.6747
                0x00003cf0       0x20 ./drivers/fsl_i2c.o
 .rodata.__func__.6771
                0x00003d10       0x1c ./drivers/fsl_i2c.o
 .rodata.__func__.6780
                0x00003d2c       0x10 ./drivers/fsl_i2c.o
 .rodata.__func__.6792
                0x00003d3c       0x1c ./drivers/fsl_i2c.o
 .rodata.__func__.6833
                0x00003d58       0x20 ./drivers/fsl_i2c.o
 .rodata.__func__.6840
                0x00003d78       0x20 ./drivers/fsl_i2c.o
 .rodata.__func__.6856
                0x00003d98       0x1c ./drivers/fsl_i2c.o
 .rodata.s_uartBases
                0x00003db4       0x18 ./drivers/fsl_uart.o
 .rodata.s_uartClock
                0x00003dcc       0x18 ./drivers/fsl_uart.o
 .rodata.__func__.6517
                0x00003de4       0x14 ./drivers/fsl_uart.o
 .rodata.__func__.6533
                0x00003df8        0xc ./drivers/fsl_uart.o
 .rodata.__func__.6551
                0x00003e04       0x18 ./drivers/fsl_uart.o
 .rodata.__func__.6611
                0x00003e1c       0x14 ./drivers/fsl_uart.o
 .rodata.str1.1
                0x00003e30        0x2 c:/freescale/kds_v3/toolchain/bin/../lib/gcc/arm-none-eabi/4.8.4/../../../../arm-none-eabi/lib/armv7e-m/fpu\libg_s.a(lib_a-impure.o)
 *fill*         0x00003e32        0x2 
 .rodata._global_impure_ptr
                0x00003e34        0x4 c:/freescale/kds_v3/toolchain/bin/../lib/gcc/arm-none-eabi/4.8.4/../../../../arm-none-eabi/lib/armv7e-m/fpu\libg_s.a(lib_a-impure.o)
                0x00003e34                _global_impure_ptr
 *(.glue_7)
 .glue_7        0x00000000        0x0 linker stubs
 *(.glue_7t)
 .glue_7t       0x00000000        0x0 linker stubs
 *(.eh_frame)
 .eh_frame      0x00003e38        0x0 c:/freescale/kds_v3/toolchain/bin/../lib/gcc/arm-none-eabi/4.8.4/armv7e-m/fpu/crtbegin.o
 *(.init)
 .init          0x00003e38        0x4 c:/freescale/kds_v3/toolchain/bin/../lib/gcc/arm-none-eabi/4.8.4/armv7e-m/fpu/crti.o
                0x00003e38                _init
 .init          0x00003e3c        0x8 c:/freescale/kds_v3/toolchain/bin/../lib/gcc/arm-none-eabi/4.8.4/armv7e-m/fpu/crtn.o
 *(.fini)
 .fini          0x00003e44        0x4 c:/freescale/kds_v3/toolchain/bin/../lib/gcc/arm-none-eabi/4.8.4/armv7e-m/fpu/crti.o
                0x00003e44                _fini
 .fini          0x00003e48        0x8 c:/freescale/kds_v3/toolchain/bin/../lib/gcc/arm-none-eabi/4.8.4/armv7e-m/fpu/crtn.o
                0x00003e50                . = ALIGN (0x4)

.vfp11_veneer   0x00003e50        0x0
 .vfp11_veneer  0x00000000        0x0 linker stubs

.v4_bx          0x00003e50        0x0
 .v4_bx         0x00000000        0x0 linker stubs

.iplt           0x00003e50        0x0
 .iplt          0x00000000        0x0 c:/freescale/kds_v3/toolchain/bin/../lib/gcc/arm-none-eabi/4.8.4/armv7e-m/fpu/crtbegin.o

.ARM.extab
 *(.ARM.extab* .gnu.linkonce.armextab.*)

.ARM            0x00003e50        0x8
                0x00003e50                __exidx_start = .
 *(.ARM.exidx*)
 .ARM.exidx     0x00003e50        0x8 c:/freescale/kds_v3/toolchain/bin/../lib/gcc/arm-none-eabi/4.8.4/../../../../arm-none-eabi/lib/armv7e-m/fpu/crt0.o
                0x00003e58                __exidx_end = .

.rel.dyn        0x00003e58        0x0
 .rel.iplt      0x00000000        0x0 c:/freescale/kds_v3/toolchain/bin/../lib/gcc/arm-none-eabi/4.8.4/armv7e-m/fpu/crtbegin.o

.ctors          0x00003e58        0x0
                0x00003e58                __CTOR_LIST__ = .
 *crtbegin.o(.ctors)
 *crtbegin?.o(.ctors)
 *(EXCLUDE_FILE(*crtend.o *crtend?.o) .ctors)
 *(SORT(.ctors.*))
 *(.ctors)
                0x00003e58                __CTOR_END__ = .

.dtors          0x00003e58        0x0
                0x00003e58                __DTOR_LIST__ = .
 *crtbegin.o(.dtors)
 *crtbegin?.o(.dtors)
 *(EXCLUDE_FILE(*crtend.o *crtend?.o) .dtors)
 *(SORT(.dtors.*))
 *(.dtors)
                0x00003e58                __DTOR_END__ = .

.preinit_array  0x00003e58        0x0
                0x00003e58                PROVIDE (__preinit_array_start, .)
 *(.preinit_array*)
                0x00003e58                PROVIDE (__preinit_array_end, .)

.init_array     0x00003e58        0x4
                0x00003e58                PROVIDE (__init_array_start, .)
 *(SORT(.init_array.*))
 *(.init_array*)
 .init_array    0x00003e58        0x4 c:/freescale/kds_v3/toolchain/bin/../lib/gcc/arm-none-eabi/4.8.4/armv7e-m/fpu/crtbegin.o
                0x00003e5c                PROVIDE (__init_array_end, .)

.fini_array     0x00003e5c        0x4
                0x00003e5c                PROVIDE (__fini_array_start, .)
 *(SORT(.fini_array.*))
 *(.fini_array*)
 .fini_array    0x00003e5c        0x4 c:/freescale/kds_v3/toolchain/bin/../lib/gcc/arm-none-eabi/4.8.4/armv7e-m/fpu/crtbegin.o
                0x00003e60                PROVIDE (__fini_array_end, .)
                0x00003e60                __etext = .
                0x00003e60                __DATA_ROM = .

.interrupts_ram
                0x1fff0000        0x0
                0x1fff0000                . = ALIGN (0x4)
                0x1fff0000                __VECTOR_RAM__ = .
                0x1fff0000                __interrupts_ram_start__ = .
 *(.m_interrupts_ram)
                0x1fff0000                . = (. + M_VECTOR_RAM_SIZE)
                0x1fff0000                . = ALIGN (0x4)
                0x1fff0000                __interrupts_ram_end__ = .
                0x00000000                __VECTOR_RAM = DEFINED (__ram_vector_table__)?__VECTOR_RAM__:ORIGIN (m_interrupts)
                0x00000000                __RAM_VECTOR_TABLE_SIZE_BYTES = DEFINED (__ram_vector_table__)?(__interrupts_ram_end__ - __interrupts_ram_start__):0x0

.data           0x1fff0000       0x70 load address 0x00003e60
                0x1fff0000                . = ALIGN (0x4)
                0x1fff0000                __DATA_RAM = .
                0x1fff0000                __data_start__ = .
 *(.data)
 *(.data*)
 .data.s_slowIrcFreq
                0x1fff0000        0x4 ./drivers/fsl_clock.o
 .data.s_fastIrcFreq
                0x1fff0004        0x4 ./drivers/fsl_clock.o
 .data.SystemCoreClock
                0x1fff0008        0x4 ./devices/system_MK64F12.o
                0x1fff0008                SystemCoreClock
 .data.impure_data
                0x1fff000c       0x60 c:/freescale/kds_v3/toolchain/bin/../lib/gcc/arm-none-eabi/4.8.4/../../../../arm-none-eabi/lib/armv7e-m/fpu\libg_s.a(lib_a-impure.o)
 *(.jcr*)
 .jcr           0x1fff006c        0x0 c:/freescale/kds_v3/toolchain/bin/../lib/gcc/arm-none-eabi/4.8.4/armv7e-m/fpu/crtbegin.o
 .jcr           0x1fff006c        0x4 c:/freescale/kds_v3/toolchain/bin/../lib/gcc/arm-none-eabi/4.8.4/armv7e-m/fpu/crtend.o
                0x1fff0070                . = ALIGN (0x4)
                0x1fff0070                __data_end__ = .
                0x00003ed0                __DATA_END = (__DATA_ROM + (__data_end__ - __data_start__))
                0x00100000                text_end = (ORIGIN (m_text) + 0xffbf0)
                0x00000001                ASSERT ((__DATA_END <= text_end), region m_text overflowed with text and data)
                0x00000000                USB_RAM_GAP = DEFINED (__usb_ram_size__)?__usb_ram_size__:0x0

.igot.plt       0x1fff0070        0x0 load address 0x00003ed0
 .igot.plt      0x00000000        0x0 c:/freescale/kds_v3/toolchain/bin/../lib/gcc/arm-none-eabi/4.8.4/armv7e-m/fpu/crtbegin.o

.bss            0x1fff0070      0x190 load address 0x00003ed0
                0x1fff0070                . = ALIGN (0x4)
                0x1fff0070                __START_BSS = .
                0x1fff0070                __bss_start__ = .
 *(.bss)
 .bss           0x1fff0070       0x1c c:/freescale/kds_v3/toolchain/bin/../lib/gcc/arm-none-eabi/4.8.4/armv7e-m/fpu/crtbegin.o
 *(.bss*)
 .bss.s_debugConsole
                0x1fff008c       0x10 ./utilities/fsl_debug_console.o
 .bss.g_slave_buff
                0x1fff009c       0x20 ./sources/i2c_interrupt_transfer.o
                0x1fff009c                g_slave_buff
 .bss.g_master_buff
                0x1fff00bc       0x20 ./sources/i2c_interrupt_transfer.o
                0x1fff00bc                g_master_buff
 .bss.g_m_handle
                0x1fff00dc       0x28 ./sources/i2c_interrupt_transfer.o
                0x1fff00dc                g_m_handle
 .bss.g_s_handle
                0x1fff0104       0x24 ./sources/i2c_interrupt_transfer.o
                0x1fff0104                g_s_handle
 .bss.g_MasterCompletionFlag
                0x1fff0128        0x1 ./sources/i2c_interrupt_transfer.o
                0x1fff0128                g_MasterCompletionFlag
 .bss.g_SlaveCompletionFlag
                0x1fff0129        0x1 ./sources/i2c_interrupt_transfer.o
                0x1fff0129                g_SlaveCompletionFlag
 *fill*         0x1fff012a        0x2 
 .bss.g_xtal0Freq
                0x1fff012c        0x4 ./drivers/fsl_clock.o
                0x1fff012c                g_xtal0Freq
 .bss.g_xtal32Freq
                0x1fff0130        0x4 ./drivers/fsl_clock.o
                0x1fff0130                g_xtal32Freq
 .bss.s_i2cHandle
                0x1fff0134        0xc ./drivers/fsl_i2c.o
 .bss.s_i2cMasterIsr
                0x1fff0140        0x4 ./drivers/fsl_i2c.o
 .bss.s_i2cSlaveIsr
                0x1fff0144        0x4 ./drivers/fsl_i2c.o
 .bss.s_uartHandle
                0x1fff0148       0x18 ./drivers/fsl_uart.o
 .bss.s_uartIsr
                0x1fff0160        0x4 ./drivers/fsl_uart.o
                0x1fff0200                . = ALIGN (0x200)
 *fill*         0x1fff0164       0x9c 
                0x1fff0200                USB_RAM_START = .
                0x1fff0200                . = (. + USB_RAM_GAP)
 *(COMMON)
                0x1fff0200                . = ALIGN (0x4)
                0x1fff0200                __bss_end__ = .
                0x1fff0200                __END_BSS = .

.heap           0x20000000      0x400
                0x20000000                . = ALIGN (0x8)
                0x20000000                __end__ = .
                0x20000000                PROVIDE (end, .)
                0x20000000                __HeapBase = .
                0x20000400                . = (. + HEAP_SIZE)
 *fill*         0x20000000      0x400 
                0x20000400                __HeapLimit = .
                0x20000400                __heap_limit = .

.stack          0x20000400      0x400
                0x20000400                . = ALIGN (0x8)
                0x20000800                . = (. + STACK_SIZE)
 *fill*         0x20000400      0x400 

m_usb_bdt       0x1fff0200        0x0
 *(m_usb_bdt)
                0x1fff0200                USB_RAM_BDT_END = .

m_usb_global
 *(m_usb_global)
                0x20030000                __StackTop = (ORIGIN (m_data_2) + 0x30000)
                0x2002fc00                __StackLimit = (__StackTop - STACK_SIZE)
                0x20030000                PROVIDE (__stack, __StackTop)

.ARM.attributes
                0x00000000       0x30
 *(.ARM.attributes)
 .ARM.attributes
                0x00000000       0x22 c:/freescale/kds_v3/toolchain/bin/../lib/gcc/arm-none-eabi/4.8.4/armv7e-m/fpu/crti.o
 .ARM.attributes
                0x00000022       0x34 c:/freescale/kds_v3/toolchain/bin/../lib/gcc/arm-none-eabi/4.8.4/armv7e-m/fpu/crtbegin.o
 .ARM.attributes
                0x00000056       0x20 c:/freescale/kds_v3/toolchain/bin/../lib/gcc/arm-none-eabi/4.8.4/../../../../arm-none-eabi/lib/armv7e-m/fpu/crt0.o
 .ARM.attributes
                0x00000076       0x39 ./utilities/fsl_debug_console.o
 .ARM.attributes
                0x000000af       0x39 ./sources/board.o
 .ARM.attributes
                0x000000e8       0x39 ./sources/clock_config.o
 .ARM.attributes
                0x00000121       0x39 ./sources/i2c_interrupt_transfer.o
 .ARM.attributes
                0x0000015a       0x39 ./sources/pin_mux.o
 .ARM.attributes
                0x00000193       0x39 ./drivers/fsl_clock.o
 .ARM.attributes
                0x000001cc       0x39 ./drivers/fsl_common.o
 .ARM.attributes
                0x00000205       0x39 ./drivers/fsl_i2c.o
 .ARM.attributes
                0x0000023e       0x39 ./drivers/fsl_uart.o
 .ARM.attributes
                0x00000277       0x1f ./devices/gcc/startup_MK64F12.o
 .ARM.attributes
                0x00000296       0x39 ./devices/system_MK64F12.o
 .ARM.attributes
                0x000002cf       0x34 c:/freescale/kds_v3/toolchain/bin/../lib/gcc/arm-none-eabi/4.8.4/../../../../arm-none-eabi/lib/armv7e-m/fpu\libg_s.a(lib_a-exit.o)
 .ARM.attributes
                0x00000303       0x34 c:/freescale/kds_v3/toolchain/bin/../lib/gcc/arm-none-eabi/4.8.4/../../../../arm-none-eabi/lib/armv7e-m/fpu\libg_s.a(lib_a-impure.o)
 .ARM.attributes
                0x00000337       0x34 c:/freescale/kds_v3/toolchain/bin/../lib/gcc/arm-none-eabi/4.8.4/../../../../arm-none-eabi/lib/armv7e-m/fpu\libg_s.a(lib_a-init.o)
 .ARM.attributes
                0x0000036b       0x34 c:/freescale/kds_v3/toolchain/bin/../lib/gcc/arm-none-eabi/4.8.4/../../../../arm-none-eabi/lib/armv7e-m/fpu\libg_s.a(lib_a-memset.o)
 .ARM.attributes
                0x0000039f       0x34 c:/freescale/kds_v3/toolchain/bin/../lib/gcc/arm-none-eabi/4.8.4/../../../../arm-none-eabi/lib/armv7e-m/fpu\libg_s.a(lib_a-strlen.o)
 .ARM.attributes
                0x000003d3       0x34 c:/freescale/kds_v3/toolchain/bin/../lib/gcc/arm-none-eabi/4.8.4/../../../../arm-none-eabi/lib/armv7e-m/fpu\libnosys.a(_exit.o)
 .ARM.attributes
                0x00000407       0x34 c:/freescale/kds_v3/toolchain/bin/../lib/gcc/arm-none-eabi/4.8.4/armv7e-m/fpu/crtend.o
 .ARM.attributes
                0x0000043b       0x22 c:/freescale/kds_v3/toolchain/bin/../lib/gcc/arm-none-eabi/4.8.4/armv7e-m/fpu/crtn.o
                0x00000001                ASSERT ((__StackLimit >= __HeapLimit), region m_data_2 overflowed with stack and heap)
OUTPUT(i2c_protocol.elf elf32-littlearm)

.debug_info     0x00000000     0x8d40
 .debug_info    0x00000000      0xd01 ./utilities/fsl_debug_console.o
 .debug_info    0x00000d01      0x2c6 ./sources/board.o
 .debug_info    0x00000fc7      0x61d ./sources/clock_config.o
 .debug_info    0x000015e4      0xead ./sources/i2c_interrupt_transfer.o
 .debug_info    0x00002491      0x645 ./sources/pin_mux.o
 .debug_info    0x00002ad6     0x1e93 ./drivers/fsl_clock.o
 .debug_info    0x00004969      0x5e6 ./drivers/fsl_common.o
 .debug_info    0x00004f4f     0x1d9b ./drivers/fsl_i2c.o
 .debug_info    0x00006cea     0x1a09 ./drivers/fsl_uart.o
 .debug_info    0x000086f3       0x77 ./devices/gcc/startup_MK64F12.o
 .debug_info    0x0000876a      0x5d6 ./devices/system_MK64F12.o

.debug_abbrev   0x00000000     0x13e5
 .debug_abbrev  0x00000000      0x289 ./utilities/fsl_debug_console.o
 .debug_abbrev  0x00000289       0xfd ./sources/board.o
 .debug_abbrev  0x00000386      0x186 ./sources/clock_config.o
 .debug_abbrev  0x0000050c      0x215 ./sources/i2c_interrupt_transfer.o
 .debug_abbrev  0x00000721      0x163 ./sources/pin_mux.o
 .debug_abbrev  0x00000884      0x2c6 ./drivers/fsl_clock.o
 .debug_abbrev  0x00000b4a      0x165 ./drivers/fsl_common.o
 .debug_abbrev  0x00000caf      0x335 ./drivers/fsl_i2c.o
 .debug_abbrev  0x00000fe4      0x2d6 ./drivers/fsl_uart.o
 .debug_abbrev  0x000012ba       0x14 ./devices/gcc/startup_MK64F12.o
 .debug_abbrev  0x000012ce      0x117 ./devices/system_MK64F12.o

.debug_aranges  0x00000000      0x6b0
 .debug_aranges
                0x00000000       0x90 ./utilities/fsl_debug_console.o
 .debug_aranges
                0x00000090       0x20 ./sources/board.o
 .debug_aranges
                0x000000b0       0x50 ./sources/clock_config.o
 .debug_aranges
                0x00000100       0x38 ./sources/i2c_interrupt_transfer.o
 .debug_aranges
                0x00000138       0x30 ./sources/pin_mux.o
 .debug_aranges
                0x00000168      0x1e8 ./drivers/fsl_clock.o
 .debug_aranges
                0x00000350       0x28 ./drivers/fsl_common.o
 .debug_aranges
                0x00000378      0x180 ./drivers/fsl_i2c.o
 .debug_aranges
                0x000004f8      0x170 ./drivers/fsl_uart.o
 .debug_aranges
                0x00000668       0x20 ./devices/gcc/startup_MK64F12.o
 .debug_aranges
                0x00000688       0x28 ./devices/system_MK64F12.o

.debug_ranges   0x00000000      0x5f0
 .debug_ranges  0x00000000       0x80 ./utilities/fsl_debug_console.o
 .debug_ranges  0x00000080       0x10 ./sources/board.o
 .debug_ranges  0x00000090       0x40 ./sources/clock_config.o
 .debug_ranges  0x000000d0       0x28 ./sources/i2c_interrupt_transfer.o
 .debug_ranges  0x000000f8       0x20 ./sources/pin_mux.o
 .debug_ranges  0x00000118      0x1d8 ./drivers/fsl_clock.o
 .debug_ranges  0x000002f0       0x18 ./drivers/fsl_common.o
 .debug_ranges  0x00000308      0x170 ./drivers/fsl_i2c.o
 .debug_ranges  0x00000478      0x160 ./drivers/fsl_uart.o
 .debug_ranges  0x000005d8       0x18 ./devices/system_MK64F12.o

.debug_line     0x00000000     0x28e0
 .debug_line    0x00000000      0x533 ./utilities/fsl_debug_console.o
 .debug_line    0x00000533       0xe8 ./sources/board.o
 .debug_line    0x0000061b      0x18b ./sources/clock_config.o
 .debug_line    0x000007a6      0x251 ./sources/i2c_interrupt_transfer.o
 .debug_line    0x000009f7      0x138 ./sources/pin_mux.o
 .debug_line    0x00000b2f      0x8d6 ./drivers/fsl_clock.o
 .debug_line    0x00001405      0x171 ./drivers/fsl_common.o
 .debug_line    0x00001576      0x8d6 ./drivers/fsl_i2c.o
 .debug_line    0x00001e4c      0x7e2 ./drivers/fsl_uart.o
 .debug_line    0x0000262e      0x181 ./devices/gcc/startup_MK64F12.o
 .debug_line    0x000027af      0x131 ./devices/system_MK64F12.o

.debug_str      0x00000000     0x4391
 .debug_str     0x00000000      0xb82 ./utilities/fsl_debug_console.o
                                0xc1f (size before relaxing)
 .debug_str     0x00000b82       0x39 ./sources/board.o
                                0x2d8 (size before relaxing)
 .debug_str     0x00000bbb      0x4f8 ./sources/clock_config.o
                                0x732 (size before relaxing)
 .debug_str     0x000010b3      0xc8e ./sources/i2c_interrupt_transfer.o
                               0x132c (size before relaxing)
 .debug_str     0x00001d41      0x411 ./sources/pin_mux.o
                                0x6e1 (size before relaxing)
 .debug_str     0x00002152      0xdca ./drivers/fsl_clock.o
                               0x1b2e (size before relaxing)
 .debug_str     0x00002f1c       0xc5 ./drivers/fsl_common.o
                                0x819 (size before relaxing)
 .debug_str     0x00002fe1      0x7be ./drivers/fsl_i2c.o
                               0x1b41 (size before relaxing)
 .debug_str     0x0000379f      0xb43 ./drivers/fsl_uart.o
                               0x1be1 (size before relaxing)
 .debug_str     0x000042e2       0xaf ./devices/system_MK64F12.o
                                0x3e3 (size before relaxing)

.comment        0x00000000       0x70
 .comment       0x00000000       0x70 ./utilities/fsl_debug_console.o
                                 0x71 (size before relaxing)
 .comment       0x00000000       0x71 ./sources/board.o
 .comment       0x00000000       0x71 ./sources/clock_config.o
 .comment       0x00000000       0x71 ./sources/i2c_interrupt_transfer.o
 .comment       0x00000000       0x71 ./sources/pin_mux.o
 .comment       0x00000000       0x71 ./drivers/fsl_clock.o
 .comment       0x00000000       0x71 ./drivers/fsl_common.o
 .comment       0x00000000       0x71 ./drivers/fsl_i2c.o
 .comment       0x00000000       0x71 ./drivers/fsl_uart.o
 .comment       0x00000000       0x71 ./devices/system_MK64F12.o

.debug_frame    0x00000000     0x1660
 .debug_frame   0x00000000      0x1ec ./utilities/fsl_debug_console.o
 .debug_frame   0x000001ec       0x30 ./sources/board.o
 .debug_frame   0x0000021c       0xdc ./sources/clock_config.o
 .debug_frame   0x000002f8       0x84 ./sources/i2c_interrupt_transfer.o
 .debug_frame   0x0000037c       0x64 ./sources/pin_mux.o
 .debug_frame   0x000003e0      0x6ac ./drivers/fsl_clock.o
 .debug_frame   0x00000a8c       0x4c ./drivers/fsl_common.o
 .debug_frame   0x00000ad8      0x574 ./drivers/fsl_i2c.o
 .debug_frame   0x0000104c      0x51c ./drivers/fsl_uart.o
 .debug_frame   0x00001568       0x44 ./devices/system_MK64F12.o
 .debug_frame   0x000015ac       0x28 c:/freescale/kds_v3/toolchain/bin/../lib/gcc/arm-none-eabi/4.8.4/../../../../arm-none-eabi/lib/armv7e-m/fpu\libg_s.a(lib_a-exit.o)
 .debug_frame   0x000015d4       0x2c c:/freescale/kds_v3/toolchain/bin/../lib/gcc/arm-none-eabi/4.8.4/../../../../arm-none-eabi/lib/armv7e-m/fpu\libg_s.a(lib_a-init.o)
 .debug_frame   0x00001600       0x20 c:/freescale/kds_v3/toolchain/bin/../lib/gcc/arm-none-eabi/4.8.4/../../../../arm-none-eabi/lib/armv7e-m/fpu\libg_s.a(lib_a-memset.o)
 .debug_frame   0x00001620       0x20 c:/freescale/kds_v3/toolchain/bin/../lib/gcc/arm-none-eabi/4.8.4/../../../../arm-none-eabi/lib/armv7e-m/fpu\libg_s.a(lib_a-strlen.o)
 .debug_frame   0x00001640       0x20 c:/freescale/kds_v3/toolchain/bin/../lib/gcc/arm-none-eabi/4.8.4/../../../../arm-none-eabi/lib/armv7e-m/fpu\libnosys.a(_exit.o)
